set -e


echo one


echo two >/dev/null


echo three >/dev/null 2>&1
