server-1  user-1@host-1          tasks: 2
server-2  longuser-2@longhost-2  tasks: 1
server-3  user-3@host-3          tasks: 1
